{"data":{"component":{"id":"Q29tcG9uZW50CmdlZGU0YzBkNjVlNWY0ZDY4ODI2YWEzYzVmOTk1ZjJkNg==","uuid":"ede4c0d6-5e5f-4d68-826a-a3c5f995f2d6","name":"Component B","abbreviation":"C!B","description":"Another component!","availability":{"from":"2020-01-01T08:00:00.000Z","to":"2020-11-05T20:00:00.000Z"},"categories":["MATERIAL","UNIT"]}}}
