{"data":{"createInstitution":{"institution":{"id":"SW5zdGl0dXRpb24KZzcxNDhmY2RhMDA2ZTQ0MjU5MWIxZTU3YTcwZWUzNGU3","uuid":"7148fcda006e442591b1e57a70ee34e7","name":"Institution A","abbreviation":"I!A","description":"Best institution ever!","websiteLocator":"https://institution-a.com/","state":"PENDING"},"errors":null}}}
