{"data":{"institutions":{"edges":[{"node":{"id":"SW5zdGl0dXRpb246lv+vcEHpRESqo8jfG9MONA==","uuid":"70afff96-e941-4444-aaa3-c8df1bd30e34","name":"Fraunhofer ISE","abbreviation":"ISE","description":"Fraunhofer Institute for Solar Energy Systems (ISE)","websiteLocator":"https://www.ise.fraunhofer.de/","state":"VERIFIED"}}]}}}
