{"data":{"institutions":{"edges":[{"node":{"id":"SW5zdGl0dXRpb246QAnd/RDrMEegz76vPWQQMg==","uuid":"fddd0940-eb10-4730-a0cf-beaf3d641032","name":"Fraunhofer ISE","abbreviation":"ISE","description":"Fraunhofer Institute for Solar Energy Systems (ISE)","contact":{"phoneNumber":"+49 761 45880","postalAddress":"Heidenhofstraße 2, 79110 Freiburg im Breisgau","emailAddress":null,"websiteLocator":"https://www.ise.fraunhofer.de/"},"state":"VERIFIED"}}]}}}
