{"data":{"institutions":{"edges":[{"node":{"id":"SW5zdGl0dXRpb24KZzRkNDgwZTBlODcwMjQzZTFiNWFmYTRhNjcwM2UxZGQ4","uuid":"4d480e0e870243e1b5afa4a6703e1dd8","name":"Institution A","abbreviation":"I!A","description":"Best institution ever!","websiteLocator":"https://institution-a.com/","state":"OPERATIVE"}}]}}}
