{"data":{"createInstitution":{"institution":{"id":"SW5zdGl0dXRpb246TPSeAaFW93yW/p0GdXQY/g==","uuid":"019ef44c-56a1-7cf7-96fe-9d06757418fe","name":"Institution A","abbreviation":"I!A","description":"Best institution ever!","contact":{"phoneNumber":"+499991234567","postalAddress":"Street 9, 7777 Town","emailAddress":"aaa@institution.com","websiteLocator":"https://institution-a.com/"}},"errors":null}}}
