{"data":{"createInstitution":{"institution":{"id":"SW5zdGl0dXRpb24KZzdmOTY5NzdmOTU1NjRiNTU5ZThhZDM4YWM2YTJlYzkw","uuid":"7f96977f-9556-4b55-9e8a-d38ac6a2ec90","name":"Institution A","abbreviation":"I!A","description":"Best institution ever!","websiteLocator":"https://institution-a.com/"},"errors":null}}}
