{"data":{"pendingInstitutions":{"edges":[{"node":{"id":"SW5zdGl0dXRpb246RvSeATem2XOi+Z5d6FADww==","uuid":"019ef446-a637-73d9-a2f9-9e5de85003c3","name":"Institution A","abbreviation":"I!A","description":"Best institution ever!","contact":{"phoneNumber":"+499991234567","postalAddress":"Street 9, 7777 Town","emailAddress":"aaa@institution.com","websiteLocator":"https://institution-a.com/"},"state":"PENDING"}}]}}}
