{"data":{"createInstitution":{"institution":{"id":"SW5zdGl0dXRpb246LDGUD8ervECBGlVtMnnXFg==","uuid":"0f94312c-abc7-40bc-811a-556d3279d716","name":"Institution A","abbreviation":"I!A","description":"Best institution ever!","contact":{"phoneNumber":"+99999999999","postalAddress":"Street 9, 7777 Town","emailAddress":"aaa@institution.com","websiteLocator":"https://institution-a.com/"}},"errors":null}}}
