{"data":{"createInstitution":{"institution":{"id":"SW5zdGl0dXRpb246pU2bzxG8O0qUfigGhbiTeQ==","uuid":"cf9b4da5-bc11-4a3b-947e-280685b89379","name":"Institution B","abbreviation":"I!B","description":"Custom ID institution.","contact":{"phoneNumber":null,"postalAddress":null,"emailAddress":"bbb@institution.com","websiteLocator":"https://institution-b.com/"}},"errors":null}}}
