{"data":{"createComponent":{"component":{"id":"Q29tcG9uZW50Cmc0Y2FjNDJiNDczZTA0MzgxYjk1ZWViNjMwOGY5YzAwMw==","uuid":"4cac42b473e04381b95eeb6308f9c003","name":"Component B","abbreviation":"C!B","description":"Another component!","availability":{"from":"2020-01-01T08:00:00.000Z","to":"2020-11-05T20:00:00.000Z"},"categories":["MATERIAL","UNIT"]},"errors":null}}}
