{"data":{"components":{"edges":[{"node":{"id":"Q29tcG9uZW50Cmc4MWY3ZjkwODVjYzk0MTc1YThiYjhkMmVjMmNjNDZkNA==","uuid":"81f7f9085cc94175a8bb8d2ec2cc46d4","name":"Component D","abbreviation":"C!D","description":"Whatever component!","availability":{"from":"2019-04-03T00:00:00.000Z","to":null},"categories":["LAYER","MATERIAL","UNIT"]}}]}}}
