{"data":{"createComponent":{"component":{"id":"Q29tcG9uZW50Cmc2ZDNjOTdlZDk0ZTI0Y2Q2ODE0NTQxNWM1OTljOTdlZQ==","name":"Component D","abbreviation":"C!D","description":"Whatever component!","availability":{"from":"2019-04-03T00:00:00.000Z","to":null},"categories":["LAYER","MATERIAL","UNIT"]},"errors":null}}}
