{"data":{"component":{"id":"Q29tcG9uZW50CmcwZDgzNGE4M2RlNGE0N2ExOGUxMjljZTMzMDQ4ZDk3OQ==","uuid":"0d834a83de4a47a18e129ce33048d979","name":"Component B","abbreviation":"C!B","description":"Another component!","availability":{"from":"2020-01-01T08:00:00.000Z","to":"2020-11-05T20:00:00.000Z"},"categories":["MATERIAL","UNIT"]}}}
