{"data":{"changeUserPassword":{"user":{"id":"VXNlcgpnMzRiZjc4OTU0OGM1NDVlNTk4ODY0NjMyYWE4ZTM0NjY=","email":"john.doe@ise.fraunhofer.de"},"errors":[{"code":"PASSWORD_REQUIRES_UPPER","message":"Passwords must have at least one uppercase (\u0027A\u0027-\u0027Z\u0027).","path":["input","newPassword"]}]}}}
