{"data":{"changeUserPassword":{"user":{"id":"VXNlcgpnOWIwZTg5ZjFjYzk3NGU2MWIxMzJlZGE2YmYwMTY0ZjM=","email":"john.doe@ise.fraunhofer.de"},"errors":[{"code":"PASSWORD_REQUIRES_LOWER","message":"Passwords must have at least one lowercase (\u0027a\u0027-\u0027z\u0027).","path":["input","newPassword"]}]}}}
