{"data":{"changeUserPassword":{"user":{"id":"VXNlcgpnZTA3Y2NkMmI2NTI1NGY4OWIyOTYwMTliY2Y1NmFlMDI=","email":"john.doe@ise.fraunhofer.de"},"errors":[{"code":"PASSWORD_REQUIRES_UPPER","message":"Passwords must have at least one uppercase (\u0027A\u0027-\u0027Z\u0027).","path":["input","password"]}]}}}
