{"data":{"changeUserPassword":{"user":{"id":"VXNlcgpnMzRlY2RmM2Y3MGY3NDRmZWEwMTQ4MmM5NzQyMjFkOWY=","email":"john.doe@ise.fraunhofer.de"},"errors":[{"code":"PASSWORD_REQUIRES_NON_ALPHANUMERIC","message":"Passwords must have at least one non alphanumeric character.","path":["input","newPassword"]}]}}}
