{"data":{"createComponent":{"component":{"id":"Q29tcG9uZW50CmcwZjNhODJjYjIyYTQ0MDYwODVkNjUwMzNhZWVkMDM3YQ==","uuid":"0f3a82cb-22a4-4060-85d6-5033aeed037a","name":"Component C","abbreviation":"C!C","description":"Yet another component!","availability":{"from":null,"to":"2021-11-05T20:00:00.000Z"},"categories":["UNIT"]},"errors":null}}}
