{"data":{"components":{"edges":[{"node":{"id":"Q29tcG9uZW50Cmc4YmIyNzg0MGZlN2Y0Zjk1OWRjMDMwMjY5MzZiMTFmZA==","uuid":"8bb27840-fe7f-4f95-9dc0-3026936b11fd","name":"Component C","abbreviation":"C!C","description":"Yet another component!","availability":{"from":null,"to":"2021-11-05T20:00:00.000Z"},"categories":["UNIT"]}}]}}}
