{"data":{"createComponent":{"component":{"id":"Q29tcG9uZW50Cmc2YWIxNDNhM2RkMjI0MDg1ODE2NTM4NjAxZjZmYjc1Yg==","uuid":"6ab143a3-dd22-4085-8165-38601f6fb75b","name":"Component D","abbreviation":"C!D","description":"Whatever component!","availability":{"from":"2019-04-03T00:00:00.000Z","to":null},"categories":["LAYER","MATERIAL","UNIT"]},"errors":null}}}
