{"data":{"components":{"edges":[{"node":{"id":"Q29tcG9uZW50CmdlNjNjOTg3MjRjNWQ0NDViYWE1Y2IzNmM0NDJjMDI5Nw==","uuid":"e63c9872-4c5d-445b-aa5c-b36c442c0297","name":"Component D","abbreviation":"C!D","description":"Whatever component!","availability":{"from":"2019-04-03T00:00:00.000Z","to":null},"categories":["LAYER","MATERIAL","UNIT"]}}]}}}
