{"data":{"createComponent":{"component":{"id":"Q29tcG9uZW50Cmc0YmZkMzRhOGNmMzU0YmViYjJkMzIyMjI4YjA5OTIwZA==","uuid":"4bfd34a8cf354bebb2d322228b09920d","name":"Component D","abbreviation":"C!D","description":"Whatever component!","availability":{"from":"2019-04-03T00:00:00.000Z","to":null},"categories":["LAYER","MATERIAL","UNIT"]},"errors":null}}}
