{"data":{"components":{"edges":[{"node":{"id":"Q29tcG9uZW50CmcxOWRhZGJiMmQ2ODY0YmRhOTcxMzE3MmY0NDYxYTc2MA==","uuid":"19dadbb2d6864bda9713172f4461a760","name":"Component C","abbreviation":"C!C","description":"Yet another component!","availability":{"from":null,"to":"2021-11-05T20:00:00.000Z"},"categories":["UNIT"]}}]}}}
