{"data":{"component":{"id":"Q29tcG9uZW50Cmc0NTc3NjQ3MTZmNDI0MDg5ODJhYTAwM2MxZDIxODAzMw==","uuid":"45776471-6f42-4089-82aa-003c1d218033","name":"Component B","abbreviation":"C!B","description":"Another component!","availability":{"from":"2020-01-01T08:00:00.000Z","to":"2020-11-05T20:00:00.000Z"},"categories":["MATERIAL","UNIT"]}}}
