{"data":{"changeUserPassword":{"user":{"id":"VXNlcgpnZTA0NmNhM2EyMjIwNGQwOWI0Y2YzNWEwYzQzMDQ1YmM=","email":"john.doe@ise.fraunhofer.de"},"errors":[{"code":"PASSWORD_REQUIRES_NON_ALPHANUMERIC","message":"Passwords must have at least one non alphanumeric character.","path":["input","newPassword"]}]}}}
