{"data":{"changeUserPassword":{"user":{"id":"VXNlcgpnZTdmNWZkNTk3ZDBlNDBmMzg0NjY5Zjc2NWEyZmQ5Yjg=","email":"john.doe@ise.fraunhofer.de"},"errors":[{"code":"PASSWORD_REQUIRES_LOWER","message":"Passwords must have at least one lowercase (\u0027a\u0027-\u0027z\u0027).","path":["input","newPassword"]}]}}}
