{"data":{"changeUserPassword":{"user":{"id":"VXNlcgpnOTBmOWQ1M2JiNWJjNDU2ZWI4MGVhZDlkMjIwM2IyZjY=","email":"john.doe@ise.fraunhofer.de"},"errors":[{"code":"PASSWORD_REQUIRES_UPPER","message":"Passwords must have at least one uppercase (\u0027A\u0027-\u0027Z\u0027).","path":["input","newPassword"]}]}}}
