{"data":{"changeUserPassword":{"user":{"id":"VXNlcgpnNzcyNTY4YmQ5NWNiNDJkYmFiNDYyMDA0Mjc3YjgyMzY=","email":"john.doe@ise.fraunhofer.de"},"errors":[{"code":"PASSWORD_REQUIRES_NON_ALPHANUMERIC","message":"Passwords must have at least one non alphanumeric character.","path":["input","newPassword"]}]}}}
